mysql> SELECT ABS(2);
+--------+
| ABS(2) |
+--------+
|      2 |
+--------+
1 row in set (0.00 sec)

mysql> SELECT POWER(2,3);
+------------+
| POWER(2,3) |
+------------+
|          8 |
+------------+
1 row in set (0.00 sec)

mysql> SELECT TRUNCATE(3.9547378,4);
+-----------------------+
| TRUNCATE(3.9547378,4) |
+-----------------------+
|                3.9547 |
+-----------------------+
1 row in set (0.00 sec)

mysql> drop database tabalunos;
ERROR 1008 (HY000): Can't drop database 'tabalunos'; database doesn't exist
mysql> drop database escola;
Query OK, 1 row affected (2.29 sec)

mysql> create database escola;
Query OK, 1 row affected (0.45 sec)

mysql> use escola;
Database changed
mysql> source C:\escola.sql;
ERROR: 
Unknown command '\e'.
ERROR 1007 (HY000): Can't create database 'escola'; database exists
Database changed
Query OK, 0 rows affected (1.20 sec)

Query OK, 5 rows affected (0.18 sec)
Records: 5  Duplicates: 0  Warnings: 0

Query OK, 5 rows affected (0.12 sec)
Records: 5  Duplicates: 0  Warnings: 0

+-----------+-------------------+------+------------+-------+-------+-------+
| matricula | nome              | sexo | datanasc   | curso | nota1 | nota2 |
+-----------+-------------------+------+------------+-------+-------+-------+
|         1 | Renato Paiva      | m    | 1998-10-10 | ADS   |  6.00 |  7.00 |
|         2 | Marcelo Guimaraes | m    | 1997-10-20 | SEG   |  5.00 |  8.00 |
|         3 | Alexandre Cardoso | m    | 1998-01-10 | ADS   |  8.00 | 10.00 |
|         4 | Carlos Carvalho   | m    | 1996-05-20 | SEG   |  6.50 |  8.50 |
|         5 | Paulo Pavanini    | m    | 1995-08-15 | ADS   |  7.00 |  9.00 |
|         6 | Mariana Menezes   | f    | 1998-12-25 | ADS   |  4.00 |  8.00 |
|         7 | Deise Guimaraes   | f    | 1997-01-25 | SEG   |  5.00 |  8.00 |
|         8 | Ana Luiza Santos  | f    | 1996-05-13 | JOG   |  8.00 |  8.50 |
|         9 | Vera Mendes       | f    | 1997-11-01 | COM   |  6.00 |  6.50 |
|        10 | Juliana Santos    | f    | 1998-08-20 | ADS   |  8.00 |  4.00 |
+-----------+-------------------+------+------------+-------+-------+-------+
10 rows in set (0.00 sec)

ERROR 1406 (22001): Data too long for column 'curso' at row 1
Query OK, 1 row affected (0.20 sec)

Query OK, 1 row affected (0.25 sec)

Query OK, 1 row affected (0.16 sec)

Query OK, 11 rows affected (0.16 sec)
Rows matched: 13  Changed: 11  Warnings: 0

mysql> INSERT INTO TABALUNOS (MATRICULA,NOME,CURSO) VALUES    (NULL,'GILBERTO','ADS');
Query OK, 1 row affected (0.11 sec)

mysql> INSERT INTO TABALUNOS (NOME,SEXO,DATANASC,NOTA1) VALUES ('MARTA SOUZA','F','2000-01-10',9.0);
Query OK, 1 row affected (0.17 sec)

mysql> select * from tabalunos;
+-----------+-------------------+------+------------+-------+-------+-------+
| matricula | nome              | sexo | datanasc   | curso | nota1 | nota2 |
+-----------+-------------------+------+------------+-------+-------+-------+
|         1 | Renato Paiva      | m    | 1998-10-10 | ADS   |  1.00 |  7.00 |
|         2 | Marcelo Guimaraes | m    | 1997-10-20 | SEG   |  0.00 |  8.00 |
|         3 | Alexandre Cardoso | m    | 1998-01-10 | ADS   |  0.00 | 10.00 |
|         4 | Carlos Carvalho   | m    | 1996-05-20 | SEG   |  0.00 |  8.50 |
|         5 | Paulo Pavanini    | m    | 1995-08-15 | ADS   |  0.00 |  9.00 |
|         6 | Mariana Menezes   | f    | 1998-12-25 | ADS   |  0.00 |  8.00 |
|         7 | Deise Guimaraes   | f    | 1997-01-25 | SEG   |  0.00 |  8.00 |
|         8 | Ana Luiza Santos  | f    | 1996-05-13 | JOG   |  0.00 |  8.50 |
|         9 | Vera Mendes       | f    | 1997-11-01 | COM   |  0.00 |  6.50 |
|        10 | Juliana Santos    | f    | 1998-08-20 | ADS   |  0.00 |  4.00 |
|        11 | Marta Souza       | f    | 0200-01-10 | NULL  |  0.00 |  NULL |
|        12 | Erica Mendes      | f    | NULL       | NULL  |  NULL |  NULL |
|        13 | Deise Carvalho    | f    | NULL       | NULL  |  NULL |  NULL |
|        14 | GILBERTO          | m    | NULL       | ADS   |  NULL |  NULL |
|        15 | MARTA SOUZA       | F    | 2000-01-10 | NULL  |  9.00 |  NULL |
+-----------+-------------------+------+------------+-------+-------+-------+
15 rows in set (0.00 sec)

mysql> delete from tabalunos where name = 'GILBERTO';
ERROR 1054 (42S22): Unknown column 'name' in 'where clause'
mysql> delete from tabalunos where nome= 'GILBERTO';
Query OK, 1 row affected (0.23 sec)

mysql> select * from tabalunos;
+-----------+-------------------+------+------------+-------+-------+-------+
| matricula | nome              | sexo | datanasc   | curso | nota1 | nota2 |
+-----------+-------------------+------+------------+-------+-------+-------+
|         1 | Renato Paiva      | m    | 1998-10-10 | ADS   |  1.00 |  7.00 |
|         2 | Marcelo Guimaraes | m    | 1997-10-20 | SEG   |  0.00 |  8.00 |
|         3 | Alexandre Cardoso | m    | 1998-01-10 | ADS   |  0.00 | 10.00 |
|         4 | Carlos Carvalho   | m    | 1996-05-20 | SEG   |  0.00 |  8.50 |
|         5 | Paulo Pavanini    | m    | 1995-08-15 | ADS   |  0.00 |  9.00 |
|         6 | Mariana Menezes   | f    | 1998-12-25 | ADS   |  0.00 |  8.00 |
|         7 | Deise Guimaraes   | f    | 1997-01-25 | SEG   |  0.00 |  8.00 |
|         8 | Ana Luiza Santos  | f    | 1996-05-13 | JOG   |  0.00 |  8.50 |
|         9 | Vera Mendes       | f    | 1997-11-01 | COM   |  0.00 |  6.50 |
|        10 | Juliana Santos    | f    | 1998-08-20 | ADS   |  0.00 |  4.00 |
|        11 | Marta Souza       | f    | 0200-01-10 | NULL  |  0.00 |  NULL |
|        12 | Erica Mendes      | f    | NULL       | NULL  |  NULL |  NULL |
|        13 | Deise Carvalho    | f    | NULL       | NULL  |  NULL |  NULL |
|        15 | MARTA SOUZA       | F    | 2000-01-10 | NULL  |  9.00 |  NULL |
+-----------+-------------------+------+------------+-------+-------+-------+
14 rows in set (0.00 sec)

mysql> delete from tabalunos where nome = 'marta souza';
Query OK, 2 rows affected (0.17 sec)

mysql> select * from tabalunos;
+-----------+-------------------+------+------------+-------+-------+-------+
| matricula | nome              | sexo | datanasc   | curso | nota1 | nota2 |
+-----------+-------------------+------+------------+-------+-------+-------+
|         1 | Renato Paiva      | m    | 1998-10-10 | ADS   |  1.00 |  7.00 |
|         2 | Marcelo Guimaraes | m    | 1997-10-20 | SEG   |  0.00 |  8.00 |
|         3 | Alexandre Cardoso | m    | 1998-01-10 | ADS   |  0.00 | 10.00 |
|         4 | Carlos Carvalho   | m    | 1996-05-20 | SEG   |  0.00 |  8.50 |
|         5 | Paulo Pavanini    | m    | 1995-08-15 | ADS   |  0.00 |  9.00 |
|         6 | Mariana Menezes   | f    | 1998-12-25 | ADS   |  0.00 |  8.00 |
|         7 | Deise Guimaraes   | f    | 1997-01-25 | SEG   |  0.00 |  8.00 |
|         8 | Ana Luiza Santos  | f    | 1996-05-13 | JOG   |  0.00 |  8.50 |
|         9 | Vera Mendes       | f    | 1997-11-01 | COM   |  0.00 |  6.50 |
|        10 | Juliana Santos    | f    | 1998-08-20 | ADS   |  0.00 |  4.00 |
|        12 | Erica Mendes      | f    | NULL       | NULL  |  NULL |  NULL |
|        13 | Deise Carvalho    | f    | NULL       | NULL  |  NULL |  NULL |
+-----------+-------------------+------+------------+-------+-------+-------+
12 rows in set (0.00 sec)

mysql> INSERT INTO TABALUNOS (NOME,SEXO,DATANASC,NOTA1) VALUES ('Marta Souza','F','2000-01-10',9.0);
Query OK, 1 row affected (0.17 sec)

mysql> select * from tabalunos;
+-----------+-------------------+------+------------+-------+-------+-------+
| matricula | nome              | sexo | datanasc   | curso | nota1 | nota2 |
+-----------+-------------------+------+------------+-------+-------+-------+
|         1 | Renato Paiva      | m    | 1998-10-10 | ADS   |  1.00 |  7.00 |
|         2 | Marcelo Guimaraes | m    | 1997-10-20 | SEG   |  0.00 |  8.00 |
|         3 | Alexandre Cardoso | m    | 1998-01-10 | ADS   |  0.00 | 10.00 |
|         4 | Carlos Carvalho   | m    | 1996-05-20 | SEG   |  0.00 |  8.50 |
|         5 | Paulo Pavanini    | m    | 1995-08-15 | ADS   |  0.00 |  9.00 |
|         6 | Mariana Menezes   | f    | 1998-12-25 | ADS   |  0.00 |  8.00 |
|         7 | Deise Guimaraes   | f    | 1997-01-25 | SEG   |  0.00 |  8.00 |
|         8 | Ana Luiza Santos  | f    | 1996-05-13 | JOG   |  0.00 |  8.50 |
|         9 | Vera Mendes       | f    | 1997-11-01 | COM   |  0.00 |  6.50 |
|        10 | Juliana Santos    | f    | 1998-08-20 | ADS   |  0.00 |  4.00 |
|        12 | Erica Mendes      | f    | NULL       | NULL  |  NULL |  NULL |
|        13 | Deise Carvalho    | f    | NULL       | NULL  |  NULL |  NULL |
|        16 | Marta Souza       | F    | 2000-01-10 | NULL  |  9.00 |  NULL |
+-----------+-------------------+------+------------+-------+-------+-------+
13 rows in set (0.00 sec)

mysql> delete from tabalunos where matricula = '13';
Query OK, 1 row affected (0.38 sec)

mysql> select * from tabalunos;
+-----------+-------------------+------+------------+-------+-------+-------+
| matricula | nome              | sexo | datanasc   | curso | nota1 | nota2 |
+-----------+-------------------+------+------------+-------+-------+-------+
|         1 | Renato Paiva      | m    | 1998-10-10 | ADS   |  1.00 |  7.00 |
|         2 | Marcelo Guimaraes | m    | 1997-10-20 | SEG   |  0.00 |  8.00 |
|         3 | Alexandre Cardoso | m    | 1998-01-10 | ADS   |  0.00 | 10.00 |
|         4 | Carlos Carvalho   | m    | 1996-05-20 | SEG   |  0.00 |  8.50 |
|         5 | Paulo Pavanini    | m    | 1995-08-15 | ADS   |  0.00 |  9.00 |
|         6 | Mariana Menezes   | f    | 1998-12-25 | ADS   |  0.00 |  8.00 |
|         7 | Deise Guimaraes   | f    | 1997-01-25 | SEG   |  0.00 |  8.00 |
|         8 | Ana Luiza Santos  | f    | 1996-05-13 | JOG   |  0.00 |  8.50 |
|         9 | Vera Mendes       | f    | 1997-11-01 | COM   |  0.00 |  6.50 |
|        10 | Juliana Santos    | f    | 1998-08-20 | ADS   |  0.00 |  4.00 |
|        12 | Erica Mendes      | f    | NULL       | NULL  |  NULL |  NULL |
|        16 | Marta Souza       | F    | 2000-01-10 | NULL  |  9.00 |  NULL |
+-----------+-------------------+------+------------+-------+-------+-------+
12 rows in set (0.00 sec)

mysql> SELECT * FROM TABALUNOS ORDER BY nome;
+-----------+-------------------+------+------------+-------+-------+-------+
| matricula | nome              | sexo | datanasc   | curso | nota1 | nota2 |
+-----------+-------------------+------+------------+-------+-------+-------+
|         3 | Alexandre Cardoso | m    | 1998-01-10 | ADS   |  0.00 | 10.00 |
|         8 | Ana Luiza Santos  | f    | 1996-05-13 | JOG   |  0.00 |  8.50 |
|         4 | Carlos Carvalho   | m    | 1996-05-20 | SEG   |  0.00 |  8.50 |
|         7 | Deise Guimaraes   | f    | 1997-01-25 | SEG   |  0.00 |  8.00 |
|        12 | Erica Mendes      | f    | NULL       | NULL  |  NULL |  NULL |
|        10 | Juliana Santos    | f    | 1998-08-20 | ADS   |  0.00 |  4.00 |
|         2 | Marcelo Guimaraes | m    | 1997-10-20 | SEG   |  0.00 |  8.00 |
|         6 | Mariana Menezes   | f    | 1998-12-25 | ADS   |  0.00 |  8.00 |
|        16 | Marta Souza       | F    | 2000-01-10 | NULL  |  9.00 |  NULL |
|         5 | Paulo Pavanini    | m    | 1995-08-15 | ADS   |  0.00 |  9.00 |
|         1 | Renato Paiva      | m    | 1998-10-10 | ADS   |  1.00 |  7.00 |
|         9 | Vera Mendes       | f    | 1997-11-01 | COM   |  0.00 |  6.50 |
+-----------+-------------------+------+------------+-------+-------+-------+
12 rows in set (0.00 sec)

mysql> SELECT MATRICULA,NOTA1,NOTA2,(NOTA1+NOTA2)/2 AS MEDIA FROM TABALUNOS;
+-----------+-------+-------+----------+
| MATRICULA | NOTA1 | NOTA2 | MEDIA    |
+-----------+-------+-------+----------+
|         1 |  1.00 |  7.00 | 4.000000 |
|         2 |  0.00 |  8.00 | 4.000000 |
|         3 |  0.00 | 10.00 | 5.000000 |
|         4 |  0.00 |  8.50 | 4.250000 |
|         5 |  0.00 |  9.00 | 4.500000 |
|         6 |  0.00 |  8.00 | 4.000000 |
|         7 |  0.00 |  8.00 | 4.000000 |
|         8 |  0.00 |  8.50 | 4.250000 |
|         9 |  0.00 |  6.50 | 3.250000 |
|        10 |  0.00 |  4.00 | 2.000000 |
|        12 |  NULL |  NULL |     NULL |
|        16 |  9.00 |  NULL |     NULL |
+-----------+-------+-------+----------+
12 rows in set (0.00 sec)

mysql> SELECT NOME,DATANASC FROM TABALUNOS WHERE CURSO='ADS';
+-------------------+------------+
| NOME              | DATANASC   |
+-------------------+------------+
| Renato Paiva      | 1998-10-10 |
| Alexandre Cardoso | 1998-01-10 |
| Paulo Pavanini    | 1995-08-15 |
| Mariana Menezes   | 1998-12-25 |
| Juliana Santos    | 1998-08-20 |
+-------------------+------------+
5 rows in set (0.00 sec)

mysql> SELECT * FROM TABALUNOS WHERE SEXO='F';
+-----------+------------------+------+------------+-------+-------+-------+
| matricula | nome             | sexo | datanasc   | curso | nota1 | nota2 |
+-----------+------------------+------+------------+-------+-------+-------+
|         6 | Mariana Menezes  | f    | 1998-12-25 | ADS   |  0.00 |  8.00 |
|         7 | Deise Guimaraes  | f    | 1997-01-25 | SEG   |  0.00 |  8.00 |
|         8 | Ana Luiza Santos | f    | 1996-05-13 | JOG   |  0.00 |  8.50 |
|         9 | Vera Mendes      | f    | 1997-11-01 | COM   |  0.00 |  6.50 |
|        10 | Juliana Santos   | f    | 1998-08-20 | ADS   |  0.00 |  4.00 |
|        12 | Erica Mendes     | f    | NULL       | NULL  |  NULL |  NULL |
|        16 | Marta Souza      | F    | 2000-01-10 | NULL  |  9.00 |  NULL |
+-----------+------------------+------+------------+-------+-------+-------+
7 rows in set (0.00 sec)

<<<<<<< HEAD
=======
mysql> SELECT * FROM TABALUNOS WHERE nome = A%;
ERROR 1064 (42000): You have an error in your SQL syntax; check the manual that corresponds to your MySQL server version for the right syntax to use near '' at line 1
mysql> SELECT * FROM TABALUNOS WHERE nome = 'A%';
Empty set (0.00 sec)

mysql> SELECT * FROM TABALUNOS WHERE nome = '%A';
Empty set (0.00 sec)

mysql> SELECT * FROM TABALUNOS WHERE nome = %'A';
ERROR 1064 (42000): You have an error in your SQL syntax; check the manual that corresponds to your MySQL server version for the right syntax to use near '%'A'' at line 1
mysql> SELECT * FROM TABALUNOS WHERE nome LIKE 'A%';
+-----------+-------------------+------+------------+-------+-------+-------+
| matricula | nome              | sexo | datanasc   | curso | nota1 | nota2 |
+-----------+-------------------+------+------------+-------+-------+-------+
|         3 | Alexandre Cardoso | m    | 1998-01-10 | ADS   |  0.00 | 10.00 |
|         8 | Ana Luiza Santos  | f    | 1996-05-13 | JOG   |  0.00 |  8.50 |
+-----------+-------------------+------+------------+-------+-------+-------+
2 rows in set (0.00 sec)

mysql> SELECT * FROM TABALUNOS WHERE nome LIKE 'A%' OR nome LIKE 'E%' ;
+-----------+-------------------+------+------------+-------+-------+-------+
| matricula | nome              | sexo | datanasc   | curso | nota1 | nota2 |
+-----------+-------------------+------+------------+-------+-------+-------+
|         3 | Alexandre Cardoso | m    | 1998-01-10 | ADS   |  0.00 | 10.00 |
|         8 | Ana Luiza Santos  | f    | 1996-05-13 | JOG   |  0.00 |  8.50 |
|        12 | Erica Mendes      | f    | NULL       | NULL  |  NULL |  NULL |
+-----------+-------------------+------+------------+-------+-------+-------+
3 rows in set (0.00 sec)

mysql> SELECT * FROM TABALUNOS WHERE nome LIKE 'A%' OR nome LIKE 'E%' OR nome LIKE 'I%' OR 'O%';
+-----------+-------------------+------+------------+-------+-------+-------+
| matricula | nome              | sexo | datanasc   | curso | nota1 | nota2 |
+-----------+-------------------+------+------------+-------+-------+-------+
|         3 | Alexandre Cardoso | m    | 1998-01-10 | ADS   |  0.00 | 10.00 |
|         8 | Ana Luiza Santos  | f    | 1996-05-13 | JOG   |  0.00 |  8.50 |
|        12 | Erica Mendes      | f    | NULL       | NULL  |  NULL |  NULL |
+-----------+-------------------+------+------------+-------+-------+-------+
3 rows in set, 1 warning (0.02 sec)

mysql> SELECT * FROM TABALUNOS WHERE nome LIKE 'A%' OR nome LIKE 'E%' OR nome LIKE 'I%' OR nome LIKE 'O%' OR nome LIKE 'U%';
+-----------+-------------------+------+------------+-------+-------+-------+
| matricula | nome              | sexo | datanasc   | curso | nota1 | nota2 |
+-----------+-------------------+------+------------+-------+-------+-------+
|         3 | Alexandre Cardoso | m    | 1998-01-10 | ADS   |  0.00 | 10.00 |
|         8 | Ana Luiza Santos  | f    | 1996-05-13 | JOG   |  0.00 |  8.50 |
|        12 | Erica Mendes      | f    | NULL       | NULL  |  NULL |  NULL |
+-----------+-------------------+------+------------+-------+-------+-------+
3 rows in set (0.00 sec)

mysql> ^C
mysql> 
mysql> ^C
mysql> ^C
mysql> \C
ERROR: 
Usage: \C charset_name | charset charset_name
mysql> EXITE
    -> EXIT
    -> ^C
mysql> exit
>>>>>>> 332a6d9ff5ad67b4a7f7a3e3b1d4e268ecf9bb71
